{"ts":"2026-07-01T20:33:55Z","level":"INFO","event":"retry_convergence_alert","task_id":"R1","message":"retry 2 repeated failure \"undefined symbol\""}
{"ts":"2026-07-01T20:33:55Z","level":"INFO","event":"patch_confidence","message":"score=0.31 entropy=1.00 deletion_ratio=0.50 structural_churn=0.35"}
{"ts":"2026-07-01T20:33:55Z","level":"INFO","event":"patch_confidence","message":"score=0.46 entropy=1.00 deletion_ratio=0.25 structural_churn=0.00"}
{"ts":"2026-07-01T20:33:55Z","level":"INFO","event":"patch_confidence","message":"score=0.32 entropy=1.00 deletion_ratio=0.67 structural_churn=0.00"}
{"ts":"2026-07-01T20:33:55Z","level":"INFO","event":"patch_confidence","message":"score=1.00 entropy=0.00 deletion_ratio=0.00 structural_churn=0.00"}
{"ts":"2026-07-01T20:33:55Z","level":"INFO","event":"patch_confidence","message":"score=0.38 entropy=1.00 deletion_ratio=0.50 structural_churn=0.00"}
{"ts":"2026-07-01T20:33:55Z","level":"INFO","event":"patch_confidence","message":"score=0.49 entropy=1.00 deletion_ratio=0.17 structural_churn=0.00"}
{"ts":"2026-07-01T21:21:52Z","level":"INFO","event":"retry_convergence_alert","task_id":"R1","message":"retry 2 repeated failure \"undefined symbol\""}
{"ts":"2026-07-01T21:21:52Z","level":"INFO","event":"patch_confidence","message":"score=0.31 entropy=1.00 deletion_ratio=0.50 structural_churn=0.35"}
{"ts":"2026-07-01T21:21:52Z","level":"INFO","event":"patch_confidence","message":"score=0.46 entropy=1.00 deletion_ratio=0.25 structural_churn=0.00"}
{"ts":"2026-07-01T21:21:52Z","level":"INFO","event":"patch_confidence","message":"score=0.32 entropy=1.00 deletion_ratio=0.67 structural_churn=0.00"}
{"ts":"2026-07-01T21:21:52Z","level":"INFO","event":"patch_confidence","message":"score=1.00 entropy=0.00 deletion_ratio=0.00 structural_churn=0.00"}
{"ts":"2026-07-01T21:21:52Z","level":"INFO","event":"patch_confidence","message":"score=0.38 entropy=1.00 deletion_ratio=0.50 structural_churn=0.00"}
{"ts":"2026-07-01T21:21:52Z","level":"INFO","event":"patch_confidence","message":"score=0.49 entropy=1.00 deletion_ratio=0.17 structural_churn=0.00"}
{"ts":"2026-07-01T21:23:25Z","level":"INFO","event":"retry_convergence_alert","task_id":"R1","message":"retry 2 repeated failure \"undefined symbol\""}
{"ts":"2026-07-01T21:23:25Z","level":"INFO","event":"patch_confidence","message":"score=0.31 entropy=1.00 deletion_ratio=0.50 structural_churn=0.35"}
{"ts":"2026-07-01T21:23:25Z","level":"INFO","event":"patch_confidence","message":"score=0.46 entropy=1.00 deletion_ratio=0.25 structural_churn=0.00"}
{"ts":"2026-07-01T21:23:25Z","level":"INFO","event":"patch_confidence","message":"score=0.32 entropy=1.00 deletion_ratio=0.67 structural_churn=0.00"}
{"ts":"2026-07-01T21:23:25Z","level":"INFO","event":"patch_confidence","message":"score=1.00 entropy=0.00 deletion_ratio=0.00 structural_churn=0.00"}
{"ts":"2026-07-01T21:23:25Z","level":"INFO","event":"patch_confidence","message":"score=0.38 entropy=1.00 deletion_ratio=0.50 structural_churn=0.00"}
{"ts":"2026-07-01T21:23:25Z","level":"INFO","event":"patch_confidence","message":"score=0.49 entropy=1.00 deletion_ratio=0.17 structural_churn=0.00"}
{"ts":"2026-07-01T21:29:30Z","level":"INFO","event":"retry_convergence_alert","task_id":"R1","message":"retry 2 repeated failure \"undefined symbol\""}
{"ts":"2026-07-01T21:29:30Z","level":"INFO","event":"patch_confidence","message":"score=0.31 entropy=1.00 deletion_ratio=0.50 structural_churn=0.35"}
{"ts":"2026-07-01T21:29:30Z","level":"INFO","event":"patch_confidence","message":"score=0.46 entropy=1.00 deletion_ratio=0.25 structural_churn=0.00"}
{"ts":"2026-07-01T21:29:30Z","level":"INFO","event":"patch_confidence","message":"score=0.32 entropy=1.00 deletion_ratio=0.67 structural_churn=0.00"}
{"ts":"2026-07-01T21:29:30Z","level":"INFO","event":"patch_confidence","message":"score=1.00 entropy=0.00 deletion_ratio=0.00 structural_churn=0.00"}
{"ts":"2026-07-01T21:29:30Z","level":"INFO","event":"patch_confidence","message":"score=0.38 entropy=1.00 deletion_ratio=0.50 structural_churn=0.00"}
{"ts":"2026-07-01T21:29:30Z","level":"INFO","event":"patch_confidence","message":"score=0.49 entropy=1.00 deletion_ratio=0.17 structural_churn=0.00"}
{"ts":"2026-07-01T21:31:59Z","level":"INFO","event":"retry_convergence_alert","task_id":"R1","message":"retry 2 repeated failure \"undefined symbol\""}
{"ts":"2026-07-01T21:31:59Z","level":"INFO","event":"patch_confidence","message":"score=0.31 entropy=1.00 deletion_ratio=0.50 structural_churn=0.35"}
{"ts":"2026-07-01T21:31:59Z","level":"INFO","event":"patch_confidence","message":"score=0.46 entropy=1.00 deletion_ratio=0.25 structural_churn=0.00"}
{"ts":"2026-07-01T21:31:59Z","level":"INFO","event":"patch_confidence","message":"score=0.32 entropy=1.00 deletion_ratio=0.67 structural_churn=0.00"}
{"ts":"2026-07-01T21:31:59Z","level":"INFO","event":"patch_confidence","message":"score=1.00 entropy=0.00 deletion_ratio=0.00 structural_churn=0.00"}
{"ts":"2026-07-01T21:31:59Z","level":"INFO","event":"patch_confidence","message":"score=0.38 entropy=1.00 deletion_ratio=0.50 structural_churn=0.00"}
{"ts":"2026-07-01T21:31:59Z","level":"INFO","event":"patch_confidence","message":"score=0.49 entropy=1.00 deletion_ratio=0.17 structural_churn=0.00"}
{"ts":"2026-07-01T21:36:06Z","level":"INFO","event":"retry_convergence_alert","task_id":"R1","message":"retry 2 repeated failure \"undefined symbol\""}
{"ts":"2026-07-01T21:36:06Z","level":"INFO","event":"patch_confidence","message":"score=0.31 entropy=1.00 deletion_ratio=0.50 structural_churn=0.35"}
{"ts":"2026-07-01T21:36:06Z","level":"INFO","event":"patch_confidence","message":"score=0.46 entropy=1.00 deletion_ratio=0.25 structural_churn=0.00"}
{"ts":"2026-07-01T21:36:06Z","level":"INFO","event":"patch_confidence","message":"score=0.32 entropy=1.00 deletion_ratio=0.67 structural_churn=0.00"}
{"ts":"2026-07-01T21:36:06Z","level":"INFO","event":"patch_confidence","message":"score=1.00 entropy=0.00 deletion_ratio=0.00 structural_churn=0.00"}
{"ts":"2026-07-01T21:36:06Z","level":"INFO","event":"patch_confidence","message":"score=0.38 entropy=1.00 deletion_ratio=0.50 structural_churn=0.00"}
{"ts":"2026-07-01T21:36:06Z","level":"INFO","event":"patch_confidence","message":"score=0.49 entropy=1.00 deletion_ratio=0.17 structural_churn=0.00"}
{"ts":"2026-07-01T21:41:07Z","level":"INFO","event":"retry_convergence_alert","task_id":"R1","message":"retry 2 repeated failure \"undefined symbol\""}
{"ts":"2026-07-01T21:41:07Z","level":"INFO","event":"patch_confidence","message":"score=0.31 entropy=1.00 deletion_ratio=0.50 structural_churn=0.35"}
{"ts":"2026-07-01T21:41:07Z","level":"INFO","event":"patch_confidence","message":"score=0.46 entropy=1.00 deletion_ratio=0.25 structural_churn=0.00"}
{"ts":"2026-07-01T21:41:07Z","level":"INFO","event":"patch_confidence","message":"score=0.32 entropy=1.00 deletion_ratio=0.67 structural_churn=0.00"}
{"ts":"2026-07-01T21:41:07Z","level":"INFO","event":"patch_confidence","message":"score=1.00 entropy=0.00 deletion_ratio=0.00 structural_churn=0.00"}
{"ts":"2026-07-01T21:41:07Z","level":"INFO","event":"patch_confidence","message":"score=0.38 entropy=1.00 deletion_ratio=0.50 structural_churn=0.00"}
{"ts":"2026-07-01T21:41:07Z","level":"INFO","event":"patch_confidence","message":"score=0.49 entropy=1.00 deletion_ratio=0.17 structural_churn=0.00"}
{"ts":"2026-07-01T21:42:54Z","level":"INFO","event":"retry_convergence_alert","task_id":"R1","message":"retry 2 repeated failure \"undefined symbol\""}
{"ts":"2026-07-01T21:42:54Z","level":"INFO","event":"patch_confidence","message":"score=0.31 entropy=1.00 deletion_ratio=0.50 structural_churn=0.35"}
{"ts":"2026-07-01T21:42:54Z","level":"INFO","event":"patch_confidence","message":"score=0.46 entropy=1.00 deletion_ratio=0.25 structural_churn=0.00"}
{"ts":"2026-07-01T21:42:54Z","level":"INFO","event":"patch_confidence","message":"score=0.32 entropy=1.00 deletion_ratio=0.67 structural_churn=0.00"}
{"ts":"2026-07-01T21:42:54Z","level":"INFO","event":"patch_confidence","message":"score=1.00 entropy=0.00 deletion_ratio=0.00 structural_churn=0.00"}
{"ts":"2026-07-01T21:42:54Z","level":"INFO","event":"patch_confidence","message":"score=0.38 entropy=1.00 deletion_ratio=0.50 structural_churn=0.00"}
{"ts":"2026-07-01T21:42:54Z","level":"INFO","event":"patch_confidence","message":"score=0.49 entropy=1.00 deletion_ratio=0.17 structural_churn=0.00"}
{"ts":"2026-07-01T21:44:55Z","level":"INFO","event":"retry_convergence_alert","task_id":"R1","message":"retry 2 repeated failure \"undefined symbol\""}
{"ts":"2026-07-01T21:44:55Z","level":"INFO","event":"patch_confidence","message":"score=0.31 entropy=1.00 deletion_ratio=0.50 structural_churn=0.35"}
{"ts":"2026-07-01T21:44:55Z","level":"INFO","event":"patch_confidence","message":"score=0.46 entropy=1.00 deletion_ratio=0.25 structural_churn=0.00"}
{"ts":"2026-07-01T21:44:55Z","level":"INFO","event":"patch_confidence","message":"score=0.32 entropy=1.00 deletion_ratio=0.67 structural_churn=0.00"}
{"ts":"2026-07-01T21:44:55Z","level":"INFO","event":"patch_confidence","message":"score=1.00 entropy=0.00 deletion_ratio=0.00 structural_churn=0.00"}
{"ts":"2026-07-01T21:44:55Z","level":"INFO","event":"patch_confidence","message":"score=0.38 entropy=1.00 deletion_ratio=0.50 structural_churn=0.00"}
{"ts":"2026-07-01T21:44:55Z","level":"INFO","event":"patch_confidence","message":"score=0.49 entropy=1.00 deletion_ratio=0.17 structural_churn=0.00"}
{"ts":"2026-07-01T21:48:05Z","level":"INFO","event":"retry_convergence_alert","task_id":"R1","message":"retry 2 repeated failure \"undefined symbol\""}
{"ts":"2026-07-01T21:48:05Z","level":"INFO","event":"patch_confidence","message":"score=0.31 entropy=1.00 deletion_ratio=0.50 structural_churn=0.35"}
{"ts":"2026-07-01T21:48:05Z","level":"INFO","event":"patch_confidence","message":"score=0.46 entropy=1.00 deletion_ratio=0.25 structural_churn=0.00"}
{"ts":"2026-07-01T21:48:05Z","level":"INFO","event":"patch_confidence","message":"score=0.32 entropy=1.00 deletion_ratio=0.67 structural_churn=0.00"}
{"ts":"2026-07-01T21:48:05Z","level":"INFO","event":"patch_confidence","message":"score=1.00 entropy=0.00 deletion_ratio=0.00 structural_churn=0.00"}
{"ts":"2026-07-01T21:48:05Z","level":"INFO","event":"patch_confidence","message":"score=0.38 entropy=1.00 deletion_ratio=0.50 structural_churn=0.00"}
{"ts":"2026-07-01T21:48:05Z","level":"INFO","event":"patch_confidence","message":"score=0.49 entropy=1.00 deletion_ratio=0.17 structural_churn=0.00"}
{"ts":"2026-07-01T21:50:23Z","level":"INFO","event":"retry_convergence_alert","task_id":"R1","message":"retry 2 repeated failure \"undefined symbol\""}
{"ts":"2026-07-01T21:50:23Z","level":"INFO","event":"patch_confidence","message":"score=0.31 entropy=1.00 deletion_ratio=0.50 structural_churn=0.35"}
{"ts":"2026-07-01T21:50:23Z","level":"INFO","event":"patch_risk","message":"risk=0.45 level=medium deletion=0.50 centrality=1.00 retry=0.00 api=0.00"}
{"ts":"2026-07-01T21:50:23Z","level":"INFO","event":"patch_confidence","message":"score=0.46 entropy=1.00 deletion_ratio=0.25 structural_churn=0.00"}
{"ts":"2026-07-01T21:50:23Z","level":"INFO","event":"patch_risk","message":"risk=0.40 level=medium deletion=0.25 centrality=1.00 retry=0.00 api=0.00"}
{"ts":"2026-07-01T21:50:23Z","level":"INFO","event":"patch_confidence","message":"score=0.32 entropy=1.00 deletion_ratio=0.67 structural_churn=0.00"}
{"ts":"2026-07-01T21:50:23Z","level":"INFO","event":"patch_risk","message":"risk=0.48 level=medium deletion=0.67 centrality=1.00 retry=0.00 api=0.00"}
{"ts":"2026-07-01T21:50:24Z","level":"INFO","event":"patch_confidence","message":"score=1.00 entropy=0.00 deletion_ratio=0.00 structural_churn=0.00"}
{"ts":"2026-07-01T21:50:24Z","level":"INFO","event":"patch_risk","message":"risk=0.00 level=low deletion=0.00 centrality=0.00 retry=0.00 api=0.00"}
{"ts":"2026-07-01T21:50:24Z","level":"INFO","event":"patch_confidence","message":"score=0.38 entropy=1.00 deletion_ratio=0.50 structural_churn=0.00"}
{"ts":"2026-07-01T21:50:24Z","level":"INFO","event":"patch_risk","message":"risk=0.45 level=medium deletion=0.50 centrality=1.00 retry=0.00 api=0.00"}
{"ts":"2026-07-01T21:50:24Z","level":"INFO","event":"patch_confidence","message":"score=0.49 entropy=1.00 deletion_ratio=0.17 structural_churn=0.00"}
{"ts":"2026-07-01T21:50:24Z","level":"INFO","event":"patch_risk","message":"risk=0.38 level=medium deletion=0.17 centrality=1.00 retry=0.00 api=0.00"}
{"ts":"2026-07-01T21:53:14Z","level":"INFO","event":"retry_convergence_alert","task_id":"R1","message":"retry 2 repeated failure \"undefined symbol\""}
{"ts":"2026-07-01T21:53:14Z","level":"INFO","event":"patch_confidence","message":"score=0.31 entropy=1.00 deletion_ratio=0.50 structural_churn=0.35"}
{"ts":"2026-07-01T21:53:14Z","level":"INFO","event":"patch_risk","message":"risk=0.45 level=medium deletion=0.50 centrality=1.00 retry=0.00 api=0.00"}
{"ts":"2026-07-01T21:53:14Z","level":"INFO","event":"patch_confidence","message":"score=0.46 entropy=1.00 deletion_ratio=0.25 structural_churn=0.00"}
{"ts":"2026-07-01T21:53:14Z","level":"INFO","event":"patch_risk","message":"risk=0.40 level=medium deletion=0.25 centrality=1.00 retry=0.00 api=0.00"}
{"ts":"2026-07-01T21:53:14Z","level":"INFO","event":"patch_confidence","message":"score=0.32 entropy=1.00 deletion_ratio=0.67 structural_churn=0.00"}
{"ts":"2026-07-01T21:53:14Z","level":"INFO","event":"patch_risk","message":"risk=0.48 level=medium deletion=0.67 centrality=1.00 retry=0.00 api=0.00"}
{"ts":"2026-07-01T21:53:14Z","level":"INFO","event":"patch_confidence","message":"score=1.00 entropy=0.00 deletion_ratio=0.00 structural_churn=0.00"}
{"ts":"2026-07-01T21:53:15Z","level":"INFO","event":"patch_risk","message":"risk=0.00 level=low deletion=0.00 centrality=0.00 retry=0.00 api=0.00"}
{"ts":"2026-07-01T21:53:15Z","level":"INFO","event":"patch_confidence","message":"score=0.38 entropy=1.00 deletion_ratio=0.50 structural_churn=0.00"}
{"ts":"2026-07-01T21:53:15Z","level":"INFO","event":"patch_risk","message":"risk=0.45 level=medium deletion=0.50 centrality=1.00 retry=0.00 api=0.00"}
{"ts":"2026-07-01T21:53:15Z","level":"INFO","event":"patch_confidence","message":"score=0.49 entropy=1.00 deletion_ratio=0.17 structural_churn=0.00"}
{"ts":"2026-07-01T21:53:15Z","level":"INFO","event":"patch_risk","message":"risk=0.38 level=medium deletion=0.17 centrality=1.00 retry=0.00 api=0.00"}
{"ts":"2026-07-01T21:55:09Z","level":"INFO","event":"retry_convergence_alert","task_id":"R1","message":"retry 2 repeated failure \"undefined symbol\""}
{"ts":"2026-07-01T21:55:09Z","level":"INFO","event":"patch_confidence","message":"score=0.31 entropy=1.00 deletion_ratio=0.50 structural_churn=0.35"}
{"ts":"2026-07-01T21:55:09Z","level":"INFO","event":"patch_risk","message":"risk=0.45 level=medium deletion=0.50 centrality=1.00 retry=0.00 api=0.00"}
{"ts":"2026-07-01T21:55:09Z","level":"INFO","event":"patch_confidence","message":"score=0.46 entropy=1.00 deletion_ratio=0.25 structural_churn=0.00"}
{"ts":"2026-07-01T21:55:09Z","level":"INFO","event":"patch_risk","message":"risk=0.40 level=medium deletion=0.25 centrality=1.00 retry=0.00 api=0.00"}
{"ts":"2026-07-01T21:55:09Z","level":"INFO","event":"patch_confidence","message":"score=0.32 entropy=1.00 deletion_ratio=0.67 structural_churn=0.00"}
{"ts":"2026-07-01T21:55:09Z","level":"INFO","event":"patch_risk","message":"risk=0.48 level=medium deletion=0.67 centrality=1.00 retry=0.00 api=0.00"}
{"ts":"2026-07-01T21:55:10Z","level":"INFO","event":"patch_confidence","message":"score=1.00 entropy=0.00 deletion_ratio=0.00 structural_churn=0.00"}
{"ts":"2026-07-01T21:55:10Z","level":"INFO","event":"patch_risk","message":"risk=0.00 level=low deletion=0.00 centrality=0.00 retry=0.00 api=0.00"}
{"ts":"2026-07-01T21:55:10Z","level":"INFO","event":"patch_confidence","message":"score=0.38 entropy=1.00 deletion_ratio=0.50 structural_churn=0.00"}
{"ts":"2026-07-01T21:55:10Z","level":"INFO","event":"patch_risk","message":"risk=0.45 level=medium deletion=0.50 centrality=1.00 retry=0.00 api=0.00"}
{"ts":"2026-07-01T21:55:10Z","level":"INFO","event":"patch_confidence","message":"score=0.49 entropy=1.00 deletion_ratio=0.17 structural_churn=0.00"}
{"ts":"2026-07-01T21:55:10Z","level":"INFO","event":"patch_risk","message":"risk=0.38 level=medium deletion=0.17 centrality=1.00 retry=0.00 api=0.00"}
{"ts":"2026-07-01T21:56:41Z","level":"INFO","event":"retry_convergence_alert","task_id":"R1","message":"retry 2 repeated failure \"undefined symbol\""}
{"ts":"2026-07-01T21:56:41Z","level":"INFO","event":"patch_confidence","message":"score=0.31 entropy=1.00 deletion_ratio=0.50 structural_churn=0.35"}
{"ts":"2026-07-01T21:56:41Z","level":"INFO","event":"patch_risk","message":"risk=0.45 level=medium deletion=0.50 centrality=1.00 retry=0.00 api=0.00"}
{"ts":"2026-07-01T21:56:41Z","level":"INFO","event":"patch_confidence","message":"score=0.46 entropy=1.00 deletion_ratio=0.25 structural_churn=0.00"}
{"ts":"2026-07-01T21:56:41Z","level":"INFO","event":"patch_risk","message":"risk=0.40 level=medium deletion=0.25 centrality=1.00 retry=0.00 api=0.00"}
{"ts":"2026-07-01T21:56:41Z","level":"INFO","event":"patch_confidence","message":"score=0.32 entropy=1.00 deletion_ratio=0.67 structural_churn=0.00"}
{"ts":"2026-07-01T21:56:41Z","level":"INFO","event":"patch_risk","message":"risk=0.48 level=medium deletion=0.67 centrality=1.00 retry=0.00 api=0.00"}
{"ts":"2026-07-01T21:56:41Z","level":"INFO","event":"patch_confidence","message":"score=1.00 entropy=0.00 deletion_ratio=0.00 structural_churn=0.00"}
{"ts":"2026-07-01T21:56:41Z","level":"INFO","event":"patch_risk","message":"risk=0.00 level=low deletion=0.00 centrality=0.00 retry=0.00 api=0.00"}
{"ts":"2026-07-01T21:56:41Z","level":"INFO","event":"patch_confidence","message":"score=0.38 entropy=1.00 deletion_ratio=0.50 structural_churn=0.00"}
{"ts":"2026-07-01T21:56:41Z","level":"INFO","event":"patch_risk","message":"risk=0.45 level=medium deletion=0.50 centrality=1.00 retry=0.00 api=0.00"}
{"ts":"2026-07-01T21:56:41Z","level":"INFO","event":"patch_confidence","message":"score=0.49 entropy=1.00 deletion_ratio=0.17 structural_churn=0.00"}
{"ts":"2026-07-01T21:56:41Z","level":"INFO","event":"patch_risk","message":"risk=0.38 level=medium deletion=0.17 centrality=1.00 retry=0.00 api=0.00"}
{"ts":"2026-07-01T21:57:57Z","level":"INFO","event":"retry_convergence_alert","task_id":"R1","message":"retry 2 repeated failure \"undefined symbol\""}
{"ts":"2026-07-01T21:57:57Z","level":"INFO","event":"patch_confidence","message":"score=0.31 entropy=1.00 deletion_ratio=0.50 structural_churn=0.35"}
{"ts":"2026-07-01T21:57:57Z","level":"INFO","event":"patch_risk","message":"risk=0.45 level=medium deletion=0.50 centrality=1.00 retry=0.00 api=0.00"}
{"ts":"2026-07-01T21:57:57Z","level":"INFO","event":"patch_confidence","message":"score=0.46 entropy=1.00 deletion_ratio=0.25 structural_churn=0.00"}
{"ts":"2026-07-01T21:57:57Z","level":"INFO","event":"patch_risk","message":"risk=0.40 level=medium deletion=0.25 centrality=1.00 retry=0.00 api=0.00"}
{"ts":"2026-07-01T21:57:57Z","level":"INFO","event":"patch_confidence","message":"score=0.32 entropy=1.00 deletion_ratio=0.67 structural_churn=0.00"}
{"ts":"2026-07-01T21:57:57Z","level":"INFO","event":"patch_risk","message":"risk=0.48 level=medium deletion=0.67 centrality=1.00 retry=0.00 api=0.00"}
{"ts":"2026-07-01T21:57:57Z","level":"INFO","event":"patch_confidence","message":"score=1.00 entropy=0.00 deletion_ratio=0.00 structural_churn=0.00"}
{"ts":"2026-07-01T21:57:57Z","level":"INFO","event":"patch_risk","message":"risk=0.00 level=low deletion=0.00 centrality=0.00 retry=0.00 api=0.00"}
{"ts":"2026-07-01T21:57:57Z","level":"INFO","event":"patch_confidence","message":"score=0.38 entropy=1.00 deletion_ratio=0.50 structural_churn=0.00"}
{"ts":"2026-07-01T21:57:57Z","level":"INFO","event":"patch_risk","message":"risk=0.45 level=medium deletion=0.50 centrality=1.00 retry=0.00 api=0.00"}
{"ts":"2026-07-01T21:57:57Z","level":"INFO","event":"patch_confidence","message":"score=0.49 entropy=1.00 deletion_ratio=0.17 structural_churn=0.00"}
{"ts":"2026-07-01T21:57:57Z","level":"INFO","event":"patch_risk","message":"risk=0.38 level=medium deletion=0.17 centrality=1.00 retry=0.00 api=0.00"}
{"ts":"2026-07-01T21:59:08Z","level":"INFO","event":"retry_convergence_alert","task_id":"R1","message":"retry 2 repeated failure \"undefined symbol\""}
{"ts":"2026-07-01T21:59:08Z","level":"INFO","event":"patch_confidence","message":"score=0.31 entropy=1.00 deletion_ratio=0.50 structural_churn=0.35"}
{"ts":"2026-07-01T21:59:08Z","level":"INFO","event":"patch_risk","message":"risk=0.45 level=medium deletion=0.50 centrality=1.00 retry=0.00 api=0.00"}
{"ts":"2026-07-01T21:59:08Z","level":"INFO","event":"patch_confidence","message":"score=0.46 entropy=1.00 deletion_ratio=0.25 structural_churn=0.00"}
{"ts":"2026-07-01T21:59:08Z","level":"INFO","event":"patch_risk","message":"risk=0.40 level=medium deletion=0.25 centrality=1.00 retry=0.00 api=0.00"}
{"ts":"2026-07-01T21:59:08Z","level":"INFO","event":"simulation_rejected","message":"simulation patch apply failed: exit status 2: patching file main_exec.go\npatch unexpectedly ends in middle of line\npatch: **** malformed patch at line 7:"}
{"ts":"2026-07-01T21:59:08Z","level":"INFO","event":"patch_confidence","message":"score=0.32 entropy=1.00 deletion_ratio=0.67 structural_churn=0.00"}
{"ts":"2026-07-01T21:59:08Z","level":"INFO","event":"patch_risk","message":"risk=0.48 level=medium deletion=0.67 centrality=1.00 retry=0.00 api=0.00"}
{"ts":"2026-07-01T21:59:08Z","level":"INFO","event":"patch_confidence","message":"score=1.00 entropy=0.00 deletion_ratio=0.00 structural_churn=0.00"}
{"ts":"2026-07-01T21:59:08Z","level":"INFO","event":"patch_risk","message":"risk=0.00 level=low deletion=0.00 centrality=0.00 retry=0.00 api=0.00"}
{"ts":"2026-07-01T21:59:08Z","level":"INFO","event":"patch_confidence","message":"score=0.38 entropy=1.00 deletion_ratio=0.50 structural_churn=0.00"}
{"ts":"2026-07-01T21:59:08Z","level":"INFO","event":"patch_risk","message":"risk=0.45 level=medium deletion=0.50 centrality=1.00 retry=0.00 api=0.00"}
{"ts":"2026-07-01T21:59:08Z","level":"INFO","event":"patch_confidence","message":"score=0.49 entropy=1.00 deletion_ratio=0.17 structural_churn=0.00"}
{"ts":"2026-07-01T21:59:08Z","level":"INFO","event":"patch_risk","message":"risk=0.38 level=medium deletion=0.17 centrality=1.00 retry=0.00 api=0.00"}
{"ts":"2026-07-01T21:59:41Z","level":"INFO","event":"retry_convergence_alert","task_id":"R1","message":"retry 2 repeated failure \"undefined symbol\""}
{"ts":"2026-07-01T21:59:41Z","level":"INFO","event":"patch_confidence","message":"score=0.31 entropy=1.00 deletion_ratio=0.50 structural_churn=0.35"}
{"ts":"2026-07-01T21:59:41Z","level":"INFO","event":"patch_risk","message":"risk=0.45 level=medium deletion=0.50 centrality=1.00 retry=0.00 api=0.00"}
{"ts":"2026-07-01T21:59:41Z","level":"INFO","event":"patch_confidence","message":"score=0.46 entropy=1.00 deletion_ratio=0.25 structural_churn=0.00"}
{"ts":"2026-07-01T21:59:41Z","level":"INFO","event":"patch_risk","message":"risk=0.40 level=medium deletion=0.25 centrality=1.00 retry=0.00 api=0.00"}
{"ts":"2026-07-01T21:59:41Z","level":"INFO","event":"patch_confidence","message":"score=0.32 entropy=1.00 deletion_ratio=0.67 structural_churn=0.00"}
{"ts":"2026-07-01T21:59:41Z","level":"INFO","event":"patch_risk","message":"risk=0.48 level=medium deletion=0.67 centrality=1.00 retry=0.00 api=0.00"}
{"ts":"2026-07-01T21:59:41Z","level":"INFO","event":"patch_confidence","message":"score=1.00 entropy=0.00 deletion_ratio=0.00 structural_churn=0.00"}
{"ts":"2026-07-01T21:59:41Z","level":"INFO","event":"patch_risk","message":"risk=0.00 level=low deletion=0.00 centrality=0.00 retry=0.00 api=0.00"}
{"ts":"2026-07-01T21:59:41Z","level":"INFO","event":"patch_confidence","message":"score=0.38 entropy=1.00 deletion_ratio=0.50 structural_churn=0.00"}
{"ts":"2026-07-01T21:59:41Z","level":"INFO","event":"patch_risk","message":"risk=0.45 level=medium deletion=0.50 centrality=1.00 retry=0.00 api=0.00"}
{"ts":"2026-07-01T21:59:41Z","level":"INFO","event":"patch_confidence","message":"score=0.49 entropy=1.00 deletion_ratio=0.17 structural_churn=0.00"}
{"ts":"2026-07-01T21:59:41Z","level":"INFO","event":"patch_risk","message":"risk=0.38 level=medium deletion=0.17 centrality=1.00 retry=0.00 api=0.00"}
{"ts":"2026-07-01T22:01:21Z","level":"INFO","event":"retry_convergence_alert","task_id":"R1","message":"retry 2 repeated failure \"undefined symbol\""}
{"ts":"2026-07-01T22:01:21Z","level":"INFO","event":"patch_confidence","message":"score=0.31 entropy=1.00 deletion_ratio=0.50 structural_churn=0.35"}
{"ts":"2026-07-01T22:01:21Z","level":"INFO","event":"patch_risk","message":"risk=0.45 level=medium deletion=0.50 centrality=1.00 retry=0.00 api=0.00"}
{"ts":"2026-07-01T22:01:21Z","level":"INFO","event":"patch_confidence","message":"score=0.46 entropy=1.00 deletion_ratio=0.25 structural_churn=0.00"}
{"ts":"2026-07-01T22:01:21Z","level":"INFO","event":"patch_risk","message":"risk=0.40 level=medium deletion=0.25 centrality=1.00 retry=0.00 api=0.00"}
{"ts":"2026-07-01T22:01:21Z","level":"INFO","event":"patch_confidence","message":"score=0.32 entropy=1.00 deletion_ratio=0.67 structural_churn=0.00"}
{"ts":"2026-07-01T22:01:21Z","level":"INFO","event":"patch_risk","message":"risk=0.48 level=medium deletion=0.67 centrality=1.00 retry=0.00 api=0.00"}
{"ts":"2026-07-01T22:01:21Z","level":"INFO","event":"patch_confidence","message":"score=1.00 entropy=0.00 deletion_ratio=0.00 structural_churn=0.00"}
{"ts":"2026-07-01T22:01:21Z","level":"INFO","event":"patch_risk","message":"risk=0.00 level=low deletion=0.00 centrality=0.00 retry=0.00 api=0.00"}
{"ts":"2026-07-01T22:01:21Z","level":"INFO","event":"patch_confidence","message":"score=0.38 entropy=1.00 deletion_ratio=0.50 structural_churn=0.00"}
{"ts":"2026-07-01T22:01:21Z","level":"INFO","event":"patch_risk","message":"risk=0.45 level=medium deletion=0.50 centrality=1.00 retry=0.00 api=0.00"}
{"ts":"2026-07-01T22:01:21Z","level":"INFO","event":"patch_confidence","message":"score=0.49 entropy=1.00 deletion_ratio=0.17 structural_churn=0.00"}
{"ts":"2026-07-01T22:01:21Z","level":"INFO","event":"patch_risk","message":"risk=0.38 level=medium deletion=0.17 centrality=1.00 retry=0.00 api=0.00"}
{"ts":"2026-07-01T22:03:01Z","level":"INFO","event":"retry_convergence_alert","task_id":"R1","message":"retry 2 repeated failure \"undefined symbol\""}
{"ts":"2026-07-01T22:03:01Z","level":"INFO","event":"patch_confidence","message":"score=0.31 entropy=1.00 deletion_ratio=0.50 structural_churn=0.35"}
{"ts":"2026-07-01T22:03:01Z","level":"INFO","event":"patch_risk","message":"risk=0.45 level=medium deletion=0.50 centrality=1.00 retry=0.00 api=0.00"}
{"ts":"2026-07-01T22:03:01Z","level":"INFO","event":"patch_confidence","message":"score=0.46 entropy=1.00 deletion_ratio=0.25 structural_churn=0.00"}
{"ts":"2026-07-01T22:03:01Z","level":"INFO","event":"patch_risk","message":"risk=0.40 level=medium deletion=0.25 centrality=1.00 retry=0.00 api=0.00"}
{"ts":"2026-07-01T22:03:01Z","level":"INFO","event":"patch_confidence","message":"score=0.32 entropy=1.00 deletion_ratio=0.67 structural_churn=0.00"}
{"ts":"2026-07-01T22:03:01Z","level":"INFO","event":"patch_risk","message":"risk=0.48 level=medium deletion=0.67 centrality=1.00 retry=0.00 api=0.00"}
{"ts":"2026-07-01T22:03:01Z","level":"INFO","event":"patch_confidence","message":"score=1.00 entropy=0.00 deletion_ratio=0.00 structural_churn=0.00"}
{"ts":"2026-07-01T22:03:01Z","level":"INFO","event":"patch_risk","message":"risk=0.00 level=low deletion=0.00 centrality=0.00 retry=0.00 api=0.00"}
{"ts":"2026-07-01T22:03:01Z","level":"INFO","event":"patch_confidence","message":"score=0.38 entropy=1.00 deletion_ratio=0.50 structural_churn=0.00"}
{"ts":"2026-07-01T22:03:01Z","level":"INFO","event":"patch_risk","message":"risk=0.45 level=medium deletion=0.50 centrality=1.00 retry=0.00 api=0.00"}
{"ts":"2026-07-01T22:03:01Z","level":"INFO","event":"patch_confidence","message":"score=0.49 entropy=1.00 deletion_ratio=0.17 structural_churn=0.00"}
{"ts":"2026-07-01T22:03:01Z","level":"INFO","event":"patch_risk","message":"risk=0.38 level=medium deletion=0.17 centrality=1.00 retry=0.00 api=0.00"}
{"ts":"2026-07-01T22:05:43Z","level":"INFO","event":"retry_convergence_alert","task_id":"R1","message":"retry 2 repeated failure \"undefined symbol\""}
{"ts":"2026-07-01T22:05:43Z","level":"INFO","event":"patch_confidence","message":"score=0.31 entropy=1.00 deletion_ratio=0.50 structural_churn=0.35"}
{"ts":"2026-07-01T22:05:43Z","level":"INFO","event":"patch_risk","message":"risk=0.45 level=medium deletion=0.50 centrality=1.00 retry=0.00 api=0.00"}
{"ts":"2026-07-01T22:05:43Z","level":"INFO","event":"patch_confidence","message":"score=0.46 entropy=1.00 deletion_ratio=0.25 structural_churn=0.00"}
{"ts":"2026-07-01T22:05:43Z","level":"INFO","event":"patch_risk","message":"risk=0.40 level=medium deletion=0.25 centrality=1.00 retry=0.00 api=0.00"}
{"ts":"2026-07-01T22:05:43Z","level":"INFO","event":"patch_confidence","message":"score=0.32 entropy=1.00 deletion_ratio=0.67 structural_churn=0.00"}
{"ts":"2026-07-01T22:05:43Z","level":"INFO","event":"patch_risk","message":"risk=0.48 level=medium deletion=0.67 centrality=1.00 retry=0.00 api=0.00"}
{"ts":"2026-07-01T22:05:43Z","level":"INFO","event":"patch_confidence","message":"score=1.00 entropy=0.00 deletion_ratio=0.00 structural_churn=0.00"}
{"ts":"2026-07-01T22:05:43Z","level":"INFO","event":"patch_risk","message":"risk=0.00 level=low deletion=0.00 centrality=0.00 retry=0.00 api=0.00"}
{"ts":"2026-07-01T22:05:43Z","level":"INFO","event":"patch_confidence","message":"score=0.38 entropy=1.00 deletion_ratio=0.50 structural_churn=0.00"}
{"ts":"2026-07-01T22:05:43Z","level":"INFO","event":"patch_risk","message":"risk=0.45 level=medium deletion=0.50 centrality=1.00 retry=0.00 api=0.00"}
{"ts":"2026-07-01T22:05:43Z","level":"INFO","event":"patch_confidence","message":"score=0.49 entropy=1.00 deletion_ratio=0.17 structural_churn=0.00"}
{"ts":"2026-07-01T22:05:43Z","level":"INFO","event":"patch_risk","message":"risk=0.38 level=medium deletion=0.17 centrality=1.00 retry=0.00 api=0.00"}
{"ts":"2026-07-01T22:07:19Z","level":"INFO","event":"retry_convergence_alert","task_id":"R1","message":"retry 2 repeated failure \"undefined symbol\""}
{"ts":"2026-07-01T22:07:19Z","level":"INFO","event":"patch_confidence","message":"score=0.31 entropy=1.00 deletion_ratio=0.50 structural_churn=0.35"}
{"ts":"2026-07-01T22:07:19Z","level":"INFO","event":"patch_risk","message":"risk=0.45 level=medium deletion=0.50 centrality=1.00 retry=0.00 api=0.00"}
{"ts":"2026-07-01T22:07:19Z","level":"INFO","event":"patch_confidence","message":"score=0.46 entropy=1.00 deletion_ratio=0.25 structural_churn=0.00"}
{"ts":"2026-07-01T22:07:19Z","level":"INFO","event":"patch_risk","message":"risk=0.40 level=medium deletion=0.25 centrality=1.00 retry=0.00 api=0.00"}
{"ts":"2026-07-01T22:07:19Z","level":"INFO","event":"patch_confidence","message":"score=0.32 entropy=1.00 deletion_ratio=0.67 structural_churn=0.00"}
{"ts":"2026-07-01T22:07:19Z","level":"INFO","event":"patch_risk","message":"risk=0.48 level=medium deletion=0.67 centrality=1.00 retry=0.00 api=0.00"}
{"ts":"2026-07-01T22:07:19Z","level":"INFO","event":"patch_confidence","message":"score=1.00 entropy=0.00 deletion_ratio=0.00 structural_churn=0.00"}
{"ts":"2026-07-01T22:07:19Z","level":"INFO","event":"patch_risk","message":"risk=0.00 level=low deletion=0.00 centrality=0.00 retry=0.00 api=0.00"}
{"ts":"2026-07-01T22:07:19Z","level":"INFO","event":"patch_confidence","message":"score=0.38 entropy=1.00 deletion_ratio=0.50 structural_churn=0.00"}
{"ts":"2026-07-01T22:07:19Z","level":"INFO","event":"patch_risk","message":"risk=0.45 level=medium deletion=0.50 centrality=1.00 retry=0.00 api=0.00"}
{"ts":"2026-07-01T22:07:19Z","level":"INFO","event":"patch_confidence","message":"score=0.49 entropy=1.00 deletion_ratio=0.17 structural_churn=0.00"}
{"ts":"2026-07-01T22:07:19Z","level":"INFO","event":"patch_risk","message":"risk=0.38 level=medium deletion=0.17 centrality=1.00 retry=0.00 api=0.00"}
{"ts":"2026-07-01T23:06:55Z","level":"INFO","event":"retry_convergence_alert","task_id":"R1","message":"retry 2 repeated failure \"undefined symbol\""}
{"ts":"2026-07-01T23:06:55Z","level":"INFO","event":"patch_confidence","message":"score=0.31 entropy=1.00 deletion_ratio=0.50 structural_churn=0.35"}
{"ts":"2026-07-01T23:06:55Z","level":"INFO","event":"patch_risk","message":"risk=0.45 level=medium deletion=0.50 centrality=1.00 retry=0.00 api=0.00"}
{"ts":"2026-07-01T23:06:55Z","level":"INFO","event":"patch_confidence","message":"score=0.46 entropy=1.00 deletion_ratio=0.25 structural_churn=0.00"}
{"ts":"2026-07-01T23:06:55Z","level":"INFO","event":"patch_risk","message":"risk=0.40 level=medium deletion=0.25 centrality=1.00 retry=0.00 api=0.00"}
{"ts":"2026-07-01T23:06:55Z","level":"INFO","event":"patch_confidence","message":"score=0.32 entropy=1.00 deletion_ratio=0.67 structural_churn=0.00"}
{"ts":"2026-07-01T23:06:55Z","level":"INFO","event":"patch_risk","message":"risk=0.48 level=medium deletion=0.67 centrality=1.00 retry=0.00 api=0.00"}
{"ts":"2026-07-01T23:06:55Z","level":"INFO","event":"patch_confidence","message":"score=1.00 entropy=0.00 deletion_ratio=0.00 structural_churn=0.00"}
{"ts":"2026-07-01T23:06:55Z","level":"INFO","event":"patch_risk","message":"risk=0.00 level=low deletion=0.00 centrality=0.00 retry=0.00 api=0.00"}
{"ts":"2026-07-01T23:06:55Z","level":"INFO","event":"patch_confidence","message":"score=0.38 entropy=1.00 deletion_ratio=0.50 structural_churn=0.00"}
{"ts":"2026-07-01T23:06:55Z","level":"INFO","event":"patch_risk","message":"risk=0.45 level=medium deletion=0.50 centrality=1.00 retry=0.00 api=0.00"}
{"ts":"2026-07-01T23:06:55Z","level":"INFO","event":"patch_confidence","message":"score=0.49 entropy=1.00 deletion_ratio=0.17 structural_churn=0.00"}
{"ts":"2026-07-01T23:06:55Z","level":"INFO","event":"patch_risk","message":"risk=0.38 level=medium deletion=0.17 centrality=1.00 retry=0.00 api=0.00"}
{"ts":"2026-07-02T00:24:00Z","level":"INFO","event":"retry_convergence_alert","task_id":"R1","message":"retry 2 repeated failure \"undefined symbol\""}
{"ts":"2026-07-02T00:24:00Z","level":"INFO","event":"patch_confidence","message":"score=0.31 entropy=1.00 deletion_ratio=0.50 structural_churn=0.35"}
{"ts":"2026-07-02T00:24:00Z","level":"INFO","event":"patch_risk","message":"risk=0.45 level=medium deletion=0.50 centrality=1.00 retry=0.00 api=0.00"}
{"ts":"2026-07-02T00:24:00Z","level":"INFO","event":"patch_confidence","message":"score=0.46 entropy=1.00 deletion_ratio=0.25 structural_churn=0.00"}
{"ts":"2026-07-02T00:24:00Z","level":"INFO","event":"patch_risk","message":"risk=0.40 level=medium deletion=0.25 centrality=1.00 retry=0.00 api=0.00"}
{"ts":"2026-07-02T00:24:00Z","level":"INFO","event":"patch_confidence","message":"score=0.32 entropy=1.00 deletion_ratio=0.67 structural_churn=0.00"}
{"ts":"2026-07-02T00:24:00Z","level":"INFO","event":"patch_risk","message":"risk=0.48 level=medium deletion=0.67 centrality=1.00 retry=0.00 api=0.00"}
{"ts":"2026-07-02T00:24:00Z","level":"INFO","event":"patch_confidence","message":"score=1.00 entropy=0.00 deletion_ratio=0.00 structural_churn=0.00"}
{"ts":"2026-07-02T00:24:00Z","level":"INFO","event":"patch_risk","message":"risk=0.00 level=low deletion=0.00 centrality=0.00 retry=0.00 api=0.00"}
{"ts":"2026-07-02T00:24:00Z","level":"INFO","event":"patch_confidence","message":"score=0.38 entropy=1.00 deletion_ratio=0.50 structural_churn=0.00"}
{"ts":"2026-07-02T00:24:00Z","level":"INFO","event":"patch_risk","message":"risk=0.45 level=medium deletion=0.50 centrality=1.00 retry=0.00 api=0.00"}
{"ts":"2026-07-02T00:24:00Z","level":"INFO","event":"patch_confidence","message":"score=0.49 entropy=1.00 deletion_ratio=0.17 structural_churn=0.00"}
{"ts":"2026-07-02T00:24:00Z","level":"INFO","event":"patch_risk","message":"risk=0.38 level=medium deletion=0.17 centrality=1.00 retry=0.00 api=0.00"}
{"ts":"2026-07-02T00:32:46Z","level":"INFO","event":"retry_convergence_alert","task_id":"R1","message":"retry 2 repeated failure \"undefined symbol\""}
{"ts":"2026-07-02T00:32:46Z","level":"INFO","event":"patch_confidence","message":"score=0.31 entropy=1.00 deletion_ratio=0.50 structural_churn=0.35"}
{"ts":"2026-07-02T00:32:46Z","level":"INFO","event":"patch_risk","message":"risk=0.45 level=medium deletion=0.50 centrality=1.00 retry=0.00 api=0.00"}
{"ts":"2026-07-02T00:32:46Z","level":"INFO","event":"patch_confidence","message":"score=0.46 entropy=1.00 deletion_ratio=0.25 structural_churn=0.00"}
{"ts":"2026-07-02T00:32:46Z","level":"INFO","event":"patch_risk","message":"risk=0.40 level=medium deletion=0.25 centrality=1.00 retry=0.00 api=0.00"}
{"ts":"2026-07-02T00:32:46Z","level":"INFO","event":"patch_confidence","message":"score=0.32 entropy=1.00 deletion_ratio=0.67 structural_churn=0.00"}
{"ts":"2026-07-02T00:32:46Z","level":"INFO","event":"patch_risk","message":"risk=0.48 level=medium deletion=0.67 centrality=1.00 retry=0.00 api=0.00"}
{"ts":"2026-07-02T00:32:46Z","level":"INFO","event":"patch_confidence","message":"score=1.00 entropy=0.00 deletion_ratio=0.00 structural_churn=0.00"}
{"ts":"2026-07-02T00:32:46Z","level":"INFO","event":"patch_risk","message":"risk=0.00 level=low deletion=0.00 centrality=0.00 retry=0.00 api=0.00"}
{"ts":"2026-07-02T00:32:46Z","level":"INFO","event":"patch_confidence","message":"score=0.38 entropy=1.00 deletion_ratio=0.50 structural_churn=0.00"}
{"ts":"2026-07-02T00:32:46Z","level":"INFO","event":"patch_risk","message":"risk=0.45 level=medium deletion=0.50 centrality=1.00 retry=0.00 api=0.00"}
{"ts":"2026-07-02T00:32:46Z","level":"INFO","event":"patch_confidence","message":"score=0.49 entropy=1.00 deletion_ratio=0.17 structural_churn=0.00"}
{"ts":"2026-07-02T00:32:46Z","level":"INFO","event":"patch_risk","message":"risk=0.38 level=medium deletion=0.17 centrality=1.00 retry=0.00 api=0.00"}
{"ts":"2026-07-02T00:40:11Z","level":"INFO","event":"retry_convergence_alert","task_id":"R1","message":"retry 2 repeated failure \"undefined symbol\""}
{"ts":"2026-07-02T00:40:11Z","level":"INFO","event":"patch_confidence","message":"score=0.31 entropy=1.00 deletion_ratio=0.50 structural_churn=0.35"}
{"ts":"2026-07-02T00:40:11Z","level":"INFO","event":"patch_risk","message":"risk=0.45 level=medium deletion=0.50 centrality=1.00 retry=0.00 api=0.00"}
{"ts":"2026-07-02T00:40:11Z","level":"INFO","event":"patch_confidence","message":"score=0.46 entropy=1.00 deletion_ratio=0.25 structural_churn=0.00"}
{"ts":"2026-07-02T00:40:11Z","level":"INFO","event":"patch_risk","message":"risk=0.40 level=medium deletion=0.25 centrality=1.00 retry=0.00 api=0.00"}
{"ts":"2026-07-02T00:40:11Z","level":"INFO","event":"patch_confidence","message":"score=0.32 entropy=1.00 deletion_ratio=0.67 structural_churn=0.00"}
{"ts":"2026-07-02T00:40:11Z","level":"INFO","event":"patch_risk","message":"risk=0.48 level=medium deletion=0.67 centrality=1.00 retry=0.00 api=0.00"}
{"ts":"2026-07-02T00:40:11Z","level":"INFO","event":"patch_confidence","message":"score=1.00 entropy=0.00 deletion_ratio=0.00 structural_churn=0.00"}
{"ts":"2026-07-02T00:40:11Z","level":"INFO","event":"patch_risk","message":"risk=0.00 level=low deletion=0.00 centrality=0.00 retry=0.00 api=0.00"}
{"ts":"2026-07-02T00:40:11Z","level":"INFO","event":"patch_confidence","message":"score=0.38 entropy=1.00 deletion_ratio=0.50 structural_churn=0.00"}
{"ts":"2026-07-02T00:40:11Z","level":"INFO","event":"patch_risk","message":"risk=0.45 level=medium deletion=0.50 centrality=1.00 retry=0.00 api=0.00"}
{"ts":"2026-07-02T00:40:11Z","level":"INFO","event":"patch_confidence","message":"score=0.49 entropy=1.00 deletion_ratio=0.17 structural_churn=0.00"}
{"ts":"2026-07-02T00:40:11Z","level":"INFO","event":"patch_risk","message":"risk=0.38 level=medium deletion=0.17 centrality=1.00 retry=0.00 api=0.00"}
{"ts":"2026-07-02T00:41:15Z","level":"INFO","event":"retry_convergence_alert","task_id":"R1","message":"retry 2 repeated failure \"undefined symbol\""}
{"ts":"2026-07-02T00:41:15Z","level":"INFO","event":"patch_confidence","message":"score=0.31 entropy=1.00 deletion_ratio=0.50 structural_churn=0.35"}
{"ts":"2026-07-02T00:41:15Z","level":"INFO","event":"patch_risk","message":"risk=0.45 level=medium deletion=0.50 centrality=1.00 retry=0.00 api=0.00"}
{"ts":"2026-07-02T00:41:15Z","level":"INFO","event":"patch_confidence","message":"score=0.46 entropy=1.00 deletion_ratio=0.25 structural_churn=0.00"}
{"ts":"2026-07-02T00:41:15Z","level":"INFO","event":"patch_risk","message":"risk=0.40 level=medium deletion=0.25 centrality=1.00 retry=0.00 api=0.00"}
{"ts":"2026-07-02T00:41:15Z","level":"INFO","event":"patch_confidence","message":"score=0.32 entropy=1.00 deletion_ratio=0.67 structural_churn=0.00"}
{"ts":"2026-07-02T00:41:15Z","level":"INFO","event":"patch_risk","message":"risk=0.48 level=medium deletion=0.67 centrality=1.00 retry=0.00 api=0.00"}
{"ts":"2026-07-02T00:41:15Z","level":"INFO","event":"patch_confidence","message":"score=1.00 entropy=0.00 deletion_ratio=0.00 structural_churn=0.00"}
{"ts":"2026-07-02T00:41:15Z","level":"INFO","event":"patch_risk","message":"risk=0.00 level=low deletion=0.00 centrality=0.00 retry=0.00 api=0.00"}
{"ts":"2026-07-02T00:41:15Z","level":"INFO","event":"patch_confidence","message":"score=0.38 entropy=1.00 deletion_ratio=0.50 structural_churn=0.00"}
{"ts":"2026-07-02T00:41:15Z","level":"INFO","event":"patch_risk","message":"risk=0.45 level=medium deletion=0.50 centrality=1.00 retry=0.00 api=0.00"}
{"ts":"2026-07-02T00:41:15Z","level":"INFO","event":"patch_confidence","message":"score=0.49 entropy=1.00 deletion_ratio=0.17 structural_churn=0.00"}
{"ts":"2026-07-02T00:41:15Z","level":"INFO","event":"patch_risk","message":"risk=0.38 level=medium deletion=0.17 centrality=1.00 retry=0.00 api=0.00"}
{"ts":"2026-07-02T00:41:40Z","level":"INFO","event":"retry_convergence_alert","task_id":"R1","message":"retry 2 repeated failure \"undefined symbol\""}
{"ts":"2026-07-02T00:41:40Z","level":"INFO","event":"patch_confidence","message":"score=0.31 entropy=1.00 deletion_ratio=0.50 structural_churn=0.35"}
{"ts":"2026-07-02T00:41:40Z","level":"INFO","event":"patch_risk","message":"risk=0.45 level=medium deletion=0.50 centrality=1.00 retry=0.00 api=0.00"}
{"ts":"2026-07-02T00:41:40Z","level":"INFO","event":"patch_confidence","message":"score=0.46 entropy=1.00 deletion_ratio=0.25 structural_churn=0.00"}
{"ts":"2026-07-02T00:41:40Z","level":"INFO","event":"patch_risk","message":"risk=0.40 level=medium deletion=0.25 centrality=1.00 retry=0.00 api=0.00"}
{"ts":"2026-07-02T00:41:40Z","level":"INFO","event":"patch_confidence","message":"score=0.32 entropy=1.00 deletion_ratio=0.67 structural_churn=0.00"}
{"ts":"2026-07-02T00:41:40Z","level":"INFO","event":"patch_risk","message":"risk=0.48 level=medium deletion=0.67 centrality=1.00 retry=0.00 api=0.00"}
{"ts":"2026-07-02T00:41:40Z","level":"INFO","event":"patch_confidence","message":"score=1.00 entropy=0.00 deletion_ratio=0.00 structural_churn=0.00"}
{"ts":"2026-07-02T00:41:40Z","level":"INFO","event":"patch_risk","message":"risk=0.00 level=low deletion=0.00 centrality=0.00 retry=0.00 api=0.00"}
{"ts":"2026-07-02T00:41:40Z","level":"INFO","event":"patch_confidence","message":"score=0.38 entropy=1.00 deletion_ratio=0.50 structural_churn=0.00"}
{"ts":"2026-07-02T00:41:40Z","level":"INFO","event":"patch_risk","message":"risk=0.45 level=medium deletion=0.50 centrality=1.00 retry=0.00 api=0.00"}
{"ts":"2026-07-02T00:41:40Z","level":"INFO","event":"patch_confidence","message":"score=0.49 entropy=1.00 deletion_ratio=0.17 structural_churn=0.00"}
{"ts":"2026-07-02T00:41:40Z","level":"INFO","event":"patch_risk","message":"risk=0.38 level=medium deletion=0.17 centrality=1.00 retry=0.00 api=0.00"}
{"ts":"2026-07-02T00:44:36Z","level":"INFO","event":"retry_convergence_alert","task_id":"R1","message":"retry 2 repeated failure \"undefined symbol\""}
{"ts":"2026-07-02T00:44:36Z","level":"INFO","event":"patch_confidence","message":"score=0.31 entropy=1.00 deletion_ratio=0.50 structural_churn=0.35"}
{"ts":"2026-07-02T00:44:36Z","level":"INFO","event":"patch_risk","message":"risk=0.45 level=medium deletion=0.50 centrality=1.00 retry=0.00 api=0.00"}
{"ts":"2026-07-02T00:44:36Z","level":"INFO","event":"patch_confidence","message":"score=0.46 entropy=1.00 deletion_ratio=0.25 structural_churn=0.00"}
{"ts":"2026-07-02T00:44:36Z","level":"INFO","event":"patch_risk","message":"risk=0.40 level=medium deletion=0.25 centrality=1.00 retry=0.00 api=0.00"}
{"ts":"2026-07-02T00:44:36Z","level":"INFO","event":"patch_confidence","message":"score=0.32 entropy=1.00 deletion_ratio=0.67 structural_churn=0.00"}
{"ts":"2026-07-02T00:44:36Z","level":"INFO","event":"patch_risk","message":"risk=0.48 level=medium deletion=0.67 centrality=1.00 retry=0.00 api=0.00"}
{"ts":"2026-07-02T00:44:36Z","level":"INFO","event":"patch_confidence","message":"score=1.00 entropy=0.00 deletion_ratio=0.00 structural_churn=0.00"}
{"ts":"2026-07-02T00:44:36Z","level":"INFO","event":"patch_risk","message":"risk=0.00 level=low deletion=0.00 centrality=0.00 retry=0.00 api=0.00"}
{"ts":"2026-07-02T00:44:36Z","level":"INFO","event":"patch_confidence","message":"score=0.38 entropy=1.00 deletion_ratio=0.50 structural_churn=0.00"}
{"ts":"2026-07-02T00:44:36Z","level":"INFO","event":"patch_risk","message":"risk=0.45 level=medium deletion=0.50 centrality=1.00 retry=0.00 api=0.00"}
{"ts":"2026-07-02T00:44:36Z","level":"INFO","event":"patch_confidence","message":"score=0.49 entropy=1.00 deletion_ratio=0.17 structural_churn=0.00"}
{"ts":"2026-07-02T00:44:36Z","level":"INFO","event":"patch_risk","message":"risk=0.38 level=medium deletion=0.17 centrality=1.00 retry=0.00 api=0.00"}
{"ts":"2026-07-02T00:45:05Z","level":"INFO","event":"retry_convergence_alert","task_id":"R1","message":"retry 2 repeated failure \"undefined symbol\""}
{"ts":"2026-07-02T00:45:05Z","level":"INFO","event":"patch_confidence","message":"score=0.31 entropy=1.00 deletion_ratio=0.50 structural_churn=0.35"}
{"ts":"2026-07-02T00:45:05Z","level":"INFO","event":"patch_risk","message":"risk=0.45 level=medium deletion=0.50 centrality=1.00 retry=0.00 api=0.00"}
{"ts":"2026-07-02T00:45:05Z","level":"INFO","event":"patch_confidence","message":"score=0.46 entropy=1.00 deletion_ratio=0.25 structural_churn=0.00"}
{"ts":"2026-07-02T00:45:05Z","level":"INFO","event":"patch_risk","message":"risk=0.40 level=medium deletion=0.25 centrality=1.00 retry=0.00 api=0.00"}
{"ts":"2026-07-02T00:45:05Z","level":"INFO","event":"patch_confidence","message":"score=0.32 entropy=1.00 deletion_ratio=0.67 structural_churn=0.00"}
{"ts":"2026-07-02T00:45:05Z","level":"INFO","event":"patch_risk","message":"risk=0.48 level=medium deletion=0.67 centrality=1.00 retry=0.00 api=0.00"}
{"ts":"2026-07-02T00:45:05Z","level":"INFO","event":"patch_confidence","message":"score=1.00 entropy=0.00 deletion_ratio=0.00 structural_churn=0.00"}
{"ts":"2026-07-02T00:45:05Z","level":"INFO","event":"patch_risk","message":"risk=0.00 level=low deletion=0.00 centrality=0.00 retry=0.00 api=0.00"}
{"ts":"2026-07-02T00:45:05Z","level":"INFO","event":"patch_confidence","message":"score=0.38 entropy=1.00 deletion_ratio=0.50 structural_churn=0.00"}
{"ts":"2026-07-02T00:45:05Z","level":"INFO","event":"patch_risk","message":"risk=0.45 level=medium deletion=0.50 centrality=1.00 retry=0.00 api=0.00"}
{"ts":"2026-07-02T00:45:05Z","level":"INFO","event":"patch_confidence","message":"score=0.49 entropy=1.00 deletion_ratio=0.17 structural_churn=0.00"}
{"ts":"2026-07-02T00:45:05Z","level":"INFO","event":"patch_risk","message":"risk=0.38 level=medium deletion=0.17 centrality=1.00 retry=0.00 api=0.00"}
{"ts":"2026-07-02T00:46:56Z","level":"INFO","event":"retry_convergence_alert","task_id":"R1","message":"retry 2 repeated failure \"undefined symbol\""}
{"ts":"2026-07-02T00:46:56Z","level":"INFO","event":"patch_confidence","message":"score=0.31 entropy=1.00 deletion_ratio=0.50 structural_churn=0.35"}
{"ts":"2026-07-02T00:46:56Z","level":"INFO","event":"patch_risk","message":"risk=0.45 level=medium deletion=0.50 centrality=1.00 retry=0.00 api=0.00"}
{"ts":"2026-07-02T00:46:56Z","level":"INFO","event":"patch_confidence","message":"score=0.46 entropy=1.00 deletion_ratio=0.25 structural_churn=0.00"}
{"ts":"2026-07-02T00:46:56Z","level":"INFO","event":"patch_risk","message":"risk=0.40 level=medium deletion=0.25 centrality=1.00 retry=0.00 api=0.00"}
{"ts":"2026-07-02T00:46:56Z","level":"INFO","event":"patch_confidence","message":"score=0.32 entropy=1.00 deletion_ratio=0.67 structural_churn=0.00"}
{"ts":"2026-07-02T00:46:56Z","level":"INFO","event":"patch_risk","message":"risk=0.48 level=medium deletion=0.67 centrality=1.00 retry=0.00 api=0.00"}
{"ts":"2026-07-02T00:46:56Z","level":"INFO","event":"patch_confidence","message":"score=1.00 entropy=0.00 deletion_ratio=0.00 structural_churn=0.00"}
{"ts":"2026-07-02T00:46:56Z","level":"INFO","event":"patch_risk","message":"risk=0.00 level=low deletion=0.00 centrality=0.00 retry=0.00 api=0.00"}
{"ts":"2026-07-02T00:46:56Z","level":"INFO","event":"patch_confidence","message":"score=0.38 entropy=1.00 deletion_ratio=0.50 structural_churn=0.00"}
{"ts":"2026-07-02T00:46:56Z","level":"INFO","event":"patch_risk","message":"risk=0.45 level=medium deletion=0.50 centrality=1.00 retry=0.00 api=0.00"}
{"ts":"2026-07-02T00:46:56Z","level":"INFO","event":"patch_confidence","message":"score=0.49 entropy=1.00 deletion_ratio=0.17 structural_churn=0.00"}
{"ts":"2026-07-02T00:46:56Z","level":"INFO","event":"patch_risk","message":"risk=0.38 level=medium deletion=0.17 centrality=1.00 retry=0.00 api=0.00"}
{"ts":"2026-07-02T01:13:28Z","level":"INFO","event":"retry_convergence_alert","task_id":"R1","message":"retry 2 repeated failure \"undefined symbol\""}
{"ts":"2026-07-02T01:13:28Z","level":"INFO","event":"patch_confidence","message":"score=0.31 entropy=1.00 deletion_ratio=0.50 structural_churn=0.35"}
{"ts":"2026-07-02T01:13:28Z","level":"INFO","event":"patch_risk","message":"risk=0.45 level=medium deletion=0.50 centrality=1.00 retry=0.00 api=0.00"}
{"ts":"2026-07-02T01:13:28Z","level":"INFO","event":"patch_confidence","message":"score=0.46 entropy=1.00 deletion_ratio=0.25 structural_churn=0.00"}
{"ts":"2026-07-02T01:13:28Z","level":"INFO","event":"patch_risk","message":"risk=0.40 level=medium deletion=0.25 centrality=1.00 retry=0.00 api=0.00"}
{"ts":"2026-07-02T01:13:28Z","level":"INFO","event":"patch_confidence","message":"score=0.32 entropy=1.00 deletion_ratio=0.67 structural_churn=0.00"}
{"ts":"2026-07-02T01:13:28Z","level":"INFO","event":"patch_risk","message":"risk=0.48 level=medium deletion=0.67 centrality=1.00 retry=0.00 api=0.00"}
{"ts":"2026-07-02T01:13:28Z","level":"INFO","event":"patch_confidence","message":"score=1.00 entropy=0.00 deletion_ratio=0.00 structural_churn=0.00"}
{"ts":"2026-07-02T01:13:28Z","level":"INFO","event":"patch_risk","message":"risk=0.00 level=low deletion=0.00 centrality=0.00 retry=0.00 api=0.00"}
{"ts":"2026-07-02T01:13:28Z","level":"INFO","event":"patch_confidence","message":"score=0.38 entropy=1.00 deletion_ratio=0.50 structural_churn=0.00"}
{"ts":"2026-07-02T01:13:28Z","level":"INFO","event":"patch_risk","message":"risk=0.45 level=medium deletion=0.50 centrality=1.00 retry=0.00 api=0.00"}
{"ts":"2026-07-02T01:13:28Z","level":"INFO","event":"patch_confidence","message":"score=0.49 entropy=1.00 deletion_ratio=0.17 structural_churn=0.00"}
{"ts":"2026-07-02T01:13:28Z","level":"INFO","event":"patch_risk","message":"risk=0.38 level=medium deletion=0.17 centrality=1.00 retry=0.00 api=0.00"}
{"ts":"2026-07-02T01:15:28Z","level":"INFO","event":"retry_convergence_alert","task_id":"R1","message":"retry 2 repeated failure \"undefined symbol\""}
{"ts":"2026-07-02T01:15:28Z","level":"INFO","event":"patch_confidence","message":"score=0.31 entropy=1.00 deletion_ratio=0.50 structural_churn=0.35"}
{"ts":"2026-07-02T01:15:28Z","level":"INFO","event":"patch_risk","message":"risk=0.45 level=medium deletion=0.50 centrality=1.00 retry=0.00 api=0.00"}
{"ts":"2026-07-02T01:15:28Z","level":"INFO","event":"patch_confidence","message":"score=0.46 entropy=1.00 deletion_ratio=0.25 structural_churn=0.00"}
{"ts":"2026-07-02T01:15:28Z","level":"INFO","event":"patch_risk","message":"risk=0.40 level=medium deletion=0.25 centrality=1.00 retry=0.00 api=0.00"}
{"ts":"2026-07-02T01:15:28Z","level":"INFO","event":"patch_confidence","message":"score=0.32 entropy=1.00 deletion_ratio=0.67 structural_churn=0.00"}
{"ts":"2026-07-02T01:15:28Z","level":"INFO","event":"patch_risk","message":"risk=0.48 level=medium deletion=0.67 centrality=1.00 retry=0.00 api=0.00"}
{"ts":"2026-07-02T01:15:28Z","level":"INFO","event":"patch_confidence","message":"score=1.00 entropy=0.00 deletion_ratio=0.00 structural_churn=0.00"}
{"ts":"2026-07-02T01:15:28Z","level":"INFO","event":"patch_risk","message":"risk=0.00 level=low deletion=0.00 centrality=0.00 retry=0.00 api=0.00"}
{"ts":"2026-07-02T01:15:28Z","level":"INFO","event":"patch_confidence","message":"score=0.38 entropy=1.00 deletion_ratio=0.50 structural_churn=0.00"}
{"ts":"2026-07-02T01:15:28Z","level":"INFO","event":"patch_risk","message":"risk=0.45 level=medium deletion=0.50 centrality=1.00 retry=0.00 api=0.00"}
{"ts":"2026-07-02T01:15:28Z","level":"INFO","event":"patch_confidence","message":"score=0.49 entropy=1.00 deletion_ratio=0.17 structural_churn=0.00"}
{"ts":"2026-07-02T01:15:28Z","level":"INFO","event":"patch_risk","message":"risk=0.38 level=medium deletion=0.17 centrality=1.00 retry=0.00 api=0.00"}
{"ts":"2026-07-02T01:17:07Z","level":"INFO","event":"retry_convergence_alert","task_id":"R1","message":"retry 2 repeated failure \"undefined symbol\""}
{"ts":"2026-07-02T01:17:07Z","level":"INFO","event":"patch_confidence","message":"score=0.31 entropy=1.00 deletion_ratio=0.50 structural_churn=0.35"}
{"ts":"2026-07-02T01:17:07Z","level":"INFO","event":"patch_risk","message":"risk=0.45 level=medium deletion=0.50 centrality=1.00 retry=0.00 api=0.00"}
{"ts":"2026-07-02T01:17:07Z","level":"INFO","event":"patch_confidence","message":"score=0.46 entropy=1.00 deletion_ratio=0.25 structural_churn=0.00"}
{"ts":"2026-07-02T01:17:07Z","level":"INFO","event":"patch_risk","message":"risk=0.40 level=medium deletion=0.25 centrality=1.00 retry=0.00 api=0.00"}
{"ts":"2026-07-02T01:17:07Z","level":"INFO","event":"patch_confidence","message":"score=0.32 entropy=1.00 deletion_ratio=0.67 structural_churn=0.00"}
{"ts":"2026-07-02T01:17:07Z","level":"INFO","event":"patch_risk","message":"risk=0.48 level=medium deletion=0.67 centrality=1.00 retry=0.00 api=0.00"}
{"ts":"2026-07-02T01:17:07Z","level":"INFO","event":"patch_confidence","message":"score=1.00 entropy=0.00 deletion_ratio=0.00 structural_churn=0.00"}
{"ts":"2026-07-02T01:17:07Z","level":"INFO","event":"patch_risk","message":"risk=0.00 level=low deletion=0.00 centrality=0.00 retry=0.00 api=0.00"}
{"ts":"2026-07-02T01:17:07Z","level":"INFO","event":"patch_confidence","message":"score=0.38 entropy=1.00 deletion_ratio=0.50 structural_churn=0.00"}
{"ts":"2026-07-02T01:17:07Z","level":"INFO","event":"patch_risk","message":"risk=0.45 level=medium deletion=0.50 centrality=1.00 retry=0.00 api=0.00"}
{"ts":"2026-07-02T01:17:07Z","level":"INFO","event":"patch_confidence","message":"score=0.49 entropy=1.00 deletion_ratio=0.17 structural_churn=0.00"}
{"ts":"2026-07-02T01:17:07Z","level":"INFO","event":"patch_risk","message":"risk=0.38 level=medium deletion=0.17 centrality=1.00 retry=0.00 api=0.00"}
{"ts":"2026-07-02T01:25:02Z","level":"INFO","event":"retry_convergence_alert","task_id":"R1","message":"retry 2 repeated failure \"undefined symbol\""}
{"ts":"2026-07-02T01:25:02Z","level":"INFO","event":"patch_confidence","message":"score=0.31 entropy=1.00 deletion_ratio=0.50 structural_churn=0.35"}
{"ts":"2026-07-02T01:25:02Z","level":"INFO","event":"patch_risk","message":"risk=0.45 level=medium deletion=0.50 centrality=1.00 retry=0.00 api=0.00"}
{"ts":"2026-07-02T01:25:02Z","level":"INFO","event":"patch_confidence","message":"score=0.46 entropy=1.00 deletion_ratio=0.25 structural_churn=0.00"}
{"ts":"2026-07-02T01:25:02Z","level":"INFO","event":"patch_risk","message":"risk=0.40 level=medium deletion=0.25 centrality=1.00 retry=0.00 api=0.00"}
{"ts":"2026-07-02T01:25:02Z","level":"INFO","event":"patch_confidence","message":"score=0.32 entropy=1.00 deletion_ratio=0.67 structural_churn=0.00"}
{"ts":"2026-07-02T01:25:02Z","level":"INFO","event":"patch_risk","message":"risk=0.48 level=medium deletion=0.67 centrality=1.00 retry=0.00 api=0.00"}
{"ts":"2026-07-02T01:25:02Z","level":"INFO","event":"patch_confidence","message":"score=1.00 entropy=0.00 deletion_ratio=0.00 structural_churn=0.00"}
{"ts":"2026-07-02T01:25:02Z","level":"INFO","event":"patch_risk","message":"risk=0.00 level=low deletion=0.00 centrality=0.00 retry=0.00 api=0.00"}
{"ts":"2026-07-02T01:25:02Z","level":"INFO","event":"patch_confidence","message":"score=0.38 entropy=1.00 deletion_ratio=0.50 structural_churn=0.00"}
{"ts":"2026-07-02T01:25:02Z","level":"INFO","event":"patch_risk","message":"risk=0.45 level=medium deletion=0.50 centrality=1.00 retry=0.00 api=0.00"}
{"ts":"2026-07-02T01:25:02Z","level":"INFO","event":"patch_confidence","message":"score=0.49 entropy=1.00 deletion_ratio=0.17 structural_churn=0.00"}
{"ts":"2026-07-02T01:25:02Z","level":"INFO","event":"patch_risk","message":"risk=0.38 level=medium deletion=0.17 centrality=1.00 retry=0.00 api=0.00"}
{"ts":"2026-07-02T01:52:13Z","level":"INFO","event":"retry_convergence_alert","task_id":"R1","message":"retry 2 repeated failure \"undefined symbol\""}
{"ts":"2026-07-02T01:52:13Z","level":"INFO","event":"patch_confidence","message":"score=0.31 entropy=1.00 deletion_ratio=0.50 structural_churn=0.35"}
{"ts":"2026-07-02T01:52:13Z","level":"INFO","event":"patch_risk","message":"risk=0.45 level=medium deletion=0.50 centrality=1.00 retry=0.00 api=0.00"}
{"ts":"2026-07-02T01:52:13Z","level":"INFO","event":"patch_confidence","message":"score=0.46 entropy=1.00 deletion_ratio=0.25 structural_churn=0.00"}
{"ts":"2026-07-02T01:52:13Z","level":"INFO","event":"patch_risk","message":"risk=0.40 level=medium deletion=0.25 centrality=1.00 retry=0.00 api=0.00"}
{"ts":"2026-07-02T01:52:13Z","level":"INFO","event":"patch_confidence","message":"score=1.00 entropy=0.00 deletion_ratio=0.00 structural_churn=0.00"}
{"ts":"2026-07-02T01:52:13Z","level":"INFO","event":"patch_risk","message":"risk=0.10 level=low deletion=0.00 centrality=0.30 retry=0.00 api=0.00"}
{"ts":"2026-07-02T01:52:13Z","level":"INFO","event":"patch_confidence","message":"score=0.32 entropy=1.00 deletion_ratio=0.67 structural_churn=0.00"}
{"ts":"2026-07-02T01:52:13Z","level":"INFO","event":"patch_risk","message":"risk=0.48 level=medium deletion=0.67 centrality=1.00 retry=0.00 api=0.00"}
{"ts":"2026-07-02T01:52:13Z","level":"INFO","event":"patch_confidence","message":"score=1.00 entropy=0.00 deletion_ratio=0.00 structural_churn=0.00"}
{"ts":"2026-07-02T01:52:13Z","level":"INFO","event":"patch_risk","message":"risk=0.00 level=low deletion=0.00 centrality=0.00 retry=0.00 api=0.00"}
{"ts":"2026-07-02T01:52:13Z","level":"INFO","event":"patch_confidence","message":"score=0.38 entropy=1.00 deletion_ratio=0.50 structural_churn=0.00"}
{"ts":"2026-07-02T01:52:13Z","level":"INFO","event":"patch_risk","message":"risk=0.45 level=medium deletion=0.50 centrality=1.00 retry=0.00 api=0.00"}
{"ts":"2026-07-02T01:52:13Z","level":"INFO","event":"patch_confidence","message":"score=0.49 entropy=1.00 deletion_ratio=0.17 structural_churn=0.00"}
{"ts":"2026-07-02T01:52:13Z","level":"INFO","event":"patch_risk","message":"risk=0.38 level=medium deletion=0.17 centrality=1.00 retry=0.00 api=0.00"}
{"ts":"2026-07-02T01:53:36Z","level":"INFO","event":"retry_convergence_alert","task_id":"R1","message":"retry 2 repeated failure \"undefined symbol\""}
{"ts":"2026-07-02T01:53:36Z","level":"INFO","event":"patch_confidence","message":"score=0.31 entropy=1.00 deletion_ratio=0.50 structural_churn=0.35"}
{"ts":"2026-07-02T01:53:36Z","level":"INFO","event":"patch_risk","message":"risk=0.45 level=medium deletion=0.50 centrality=1.00 retry=0.00 api=0.00"}
{"ts":"2026-07-02T01:53:36Z","level":"INFO","event":"patch_confidence","message":"score=0.46 entropy=1.00 deletion_ratio=0.25 structural_churn=0.00"}
{"ts":"2026-07-02T01:53:36Z","level":"INFO","event":"patch_risk","message":"risk=0.40 level=medium deletion=0.25 centrality=1.00 retry=0.00 api=0.00"}
{"ts":"2026-07-02T01:53:36Z","level":"INFO","event":"patch_confidence","message":"score=1.00 entropy=0.00 deletion_ratio=0.00 structural_churn=0.00"}
{"ts":"2026-07-02T01:53:36Z","level":"INFO","event":"patch_risk","message":"risk=0.10 level=low deletion=0.00 centrality=0.30 retry=0.00 api=0.00"}
{"ts":"2026-07-02T01:53:36Z","level":"INFO","event":"patch_confidence","message":"score=0.32 entropy=1.00 deletion_ratio=0.67 structural_churn=0.00"}
{"ts":"2026-07-02T01:53:36Z","level":"INFO","event":"patch_risk","message":"risk=0.48 level=medium deletion=0.67 centrality=1.00 retry=0.00 api=0.00"}
{"ts":"2026-07-02T01:53:36Z","level":"INFO","event":"patch_confidence","message":"score=1.00 entropy=0.00 deletion_ratio=0.00 structural_churn=0.00"}
{"ts":"2026-07-02T01:53:36Z","level":"INFO","event":"patch_risk","message":"risk=0.00 level=low deletion=0.00 centrality=0.00 retry=0.00 api=0.00"}
{"ts":"2026-07-02T01:53:36Z","level":"INFO","event":"patch_confidence","message":"score=0.38 entropy=1.00 deletion_ratio=0.50 structural_churn=0.00"}
{"ts":"2026-07-02T01:53:36Z","level":"INFO","event":"patch_risk","message":"risk=0.45 level=medium deletion=0.50 centrality=1.00 retry=0.00 api=0.00"}
{"ts":"2026-07-02T01:53:36Z","level":"INFO","event":"patch_confidence","message":"score=0.49 entropy=1.00 deletion_ratio=0.17 structural_churn=0.00"}
{"ts":"2026-07-02T01:53:36Z","level":"INFO","event":"patch_risk","message":"risk=0.38 level=medium deletion=0.17 centrality=1.00 retry=0.00 api=0.00"}
{"ts":"2026-07-02T01:53:48Z","level":"INFO","event":"retry_convergence_alert","task_id":"R1","message":"retry 2 repeated failure \"undefined symbol\""}
{"ts":"2026-07-02T01:53:48Z","level":"INFO","event":"patch_confidence","message":"score=0.31 entropy=1.00 deletion_ratio=0.50 structural_churn=0.35"}
{"ts":"2026-07-02T01:53:48Z","level":"INFO","event":"patch_risk","message":"risk=0.45 level=medium deletion=0.50 centrality=1.00 retry=0.00 api=0.00"}
{"ts":"2026-07-02T01:53:48Z","level":"INFO","event":"patch_confidence","message":"score=0.46 entropy=1.00 deletion_ratio=0.25 structural_churn=0.00"}
{"ts":"2026-07-02T01:53:48Z","level":"INFO","event":"patch_risk","message":"risk=0.40 level=medium deletion=0.25 centrality=1.00 retry=0.00 api=0.00"}
{"ts":"2026-07-02T01:53:48Z","level":"INFO","event":"patch_confidence","message":"score=1.00 entropy=0.00 deletion_ratio=0.00 structural_churn=0.00"}
{"ts":"2026-07-02T01:53:48Z","level":"INFO","event":"patch_risk","message":"risk=0.10 level=low deletion=0.00 centrality=0.30 retry=0.00 api=0.00"}
{"ts":"2026-07-02T01:53:48Z","level":"INFO","event":"patch_confidence","message":"score=0.32 entropy=1.00 deletion_ratio=0.67 structural_churn=0.00"}
{"ts":"2026-07-02T01:53:48Z","level":"INFO","event":"patch_risk","message":"risk=0.48 level=medium deletion=0.67 centrality=1.00 retry=0.00 api=0.00"}
{"ts":"2026-07-02T01:53:48Z","level":"INFO","event":"patch_confidence","message":"score=1.00 entropy=0.00 deletion_ratio=0.00 structural_churn=0.00"}
{"ts":"2026-07-02T01:53:48Z","level":"INFO","event":"patch_risk","message":"risk=0.00 level=low deletion=0.00 centrality=0.00 retry=0.00 api=0.00"}
{"ts":"2026-07-02T01:53:48Z","level":"INFO","event":"patch_confidence","message":"score=0.38 entropy=1.00 deletion_ratio=0.50 structural_churn=0.00"}
{"ts":"2026-07-02T01:53:48Z","level":"INFO","event":"patch_risk","message":"risk=0.45 level=medium deletion=0.50 centrality=1.00 retry=0.00 api=0.00"}
{"ts":"2026-07-02T01:53:48Z","level":"INFO","event":"patch_confidence","message":"score=0.49 entropy=1.00 deletion_ratio=0.17 structural_churn=0.00"}
{"ts":"2026-07-02T01:53:48Z","level":"INFO","event":"patch_risk","message":"risk=0.38 level=medium deletion=0.17 centrality=1.00 retry=0.00 api=0.00"}
{"ts":"2026-07-02T01:54:33Z","level":"INFO","event":"retry_convergence_alert","task_id":"R1","message":"retry 2 repeated failure \"undefined symbol\""}
{"ts":"2026-07-02T01:54:33Z","level":"INFO","event":"patch_confidence","message":"score=0.31 entropy=1.00 deletion_ratio=0.50 structural_churn=0.35"}
{"ts":"2026-07-02T01:54:33Z","level":"INFO","event":"patch_risk","message":"risk=0.45 level=medium deletion=0.50 centrality=1.00 retry=0.00 api=0.00"}
{"ts":"2026-07-02T01:54:33Z","level":"INFO","event":"patch_confidence","message":"score=0.46 entropy=1.00 deletion_ratio=0.25 structural_churn=0.00"}
{"ts":"2026-07-02T01:54:33Z","level":"INFO","event":"patch_risk","message":"risk=0.40 level=medium deletion=0.25 centrality=1.00 retry=0.00 api=0.00"}
{"ts":"2026-07-02T01:54:33Z","level":"INFO","event":"patch_confidence","message":"score=1.00 entropy=0.00 deletion_ratio=0.00 structural_churn=0.00"}
{"ts":"2026-07-02T01:54:33Z","level":"INFO","event":"patch_risk","message":"risk=0.10 level=low deletion=0.00 centrality=0.30 retry=0.00 api=0.00"}
{"ts":"2026-07-02T01:54:33Z","level":"INFO","event":"patch_confidence","message":"score=0.32 entropy=1.00 deletion_ratio=0.67 structural_churn=0.00"}
{"ts":"2026-07-02T01:54:33Z","level":"INFO","event":"patch_risk","message":"risk=0.48 level=medium deletion=0.67 centrality=1.00 retry=0.00 api=0.00"}
{"ts":"2026-07-02T01:54:33Z","level":"INFO","event":"patch_confidence","message":"score=1.00 entropy=0.00 deletion_ratio=0.00 structural_churn=0.00"}
{"ts":"2026-07-02T01:54:33Z","level":"INFO","event":"patch_risk","message":"risk=0.00 level=low deletion=0.00 centrality=0.00 retry=0.00 api=0.00"}
{"ts":"2026-07-02T01:54:33Z","level":"INFO","event":"patch_confidence","message":"score=0.38 entropy=1.00 deletion_ratio=0.50 structural_churn=0.00"}
{"ts":"2026-07-02T01:54:33Z","level":"INFO","event":"patch_risk","message":"risk=0.45 level=medium deletion=0.50 centrality=1.00 retry=0.00 api=0.00"}
{"ts":"2026-07-02T01:54:33Z","level":"INFO","event":"patch_confidence","message":"score=0.49 entropy=1.00 deletion_ratio=0.17 structural_churn=0.00"}
{"ts":"2026-07-02T01:54:33Z","level":"INFO","event":"patch_risk","message":"risk=0.38 level=medium deletion=0.17 centrality=1.00 retry=0.00 api=0.00"}
{"ts":"2026-07-02T02:18:51Z","level":"INFO","event":"retry_convergence_alert","task_id":"R1","message":"retry 2 repeated failure \"undefined symbol\""}
{"ts":"2026-07-02T02:18:51Z","level":"INFO","event":"patch_confidence","message":"score=0.31 entropy=1.00 deletion_ratio=0.50 structural_churn=0.35"}
{"ts":"2026-07-02T02:18:51Z","level":"INFO","event":"patch_risk","message":"risk=0.45 level=medium deletion=0.50 centrality=1.00 retry=0.00 api=0.00"}
{"ts":"2026-07-02T02:18:51Z","level":"INFO","event":"patch_confidence","message":"score=0.46 entropy=1.00 deletion_ratio=0.25 structural_churn=0.00"}
{"ts":"2026-07-02T02:18:51Z","level":"INFO","event":"patch_risk","message":"risk=0.40 level=medium deletion=0.25 centrality=1.00 retry=0.00 api=0.00"}
{"ts":"2026-07-02T02:18:51Z","level":"INFO","event":"patch_confidence","message":"score=1.00 entropy=0.00 deletion_ratio=0.00 structural_churn=0.00"}
{"ts":"2026-07-02T02:18:51Z","level":"INFO","event":"patch_risk","message":"risk=0.10 level=low deletion=0.00 centrality=0.30 retry=0.00 api=0.00"}
{"ts":"2026-07-02T02:18:51Z","level":"INFO","event":"patch_confidence","message":"score=0.32 entropy=1.00 deletion_ratio=0.67 structural_churn=0.00"}
{"ts":"2026-07-02T02:18:51Z","level":"INFO","event":"patch_risk","message":"risk=0.48 level=medium deletion=0.67 centrality=1.00 retry=0.00 api=0.00"}
{"ts":"2026-07-02T02:18:51Z","level":"INFO","event":"patch_confidence","message":"score=1.00 entropy=0.00 deletion_ratio=0.00 structural_churn=0.00"}
{"ts":"2026-07-02T02:18:51Z","level":"INFO","event":"patch_risk","message":"risk=0.00 level=low deletion=0.00 centrality=0.00 retry=0.00 api=0.00"}
{"ts":"2026-07-02T02:18:51Z","level":"INFO","event":"patch_confidence","message":"score=0.38 entropy=1.00 deletion_ratio=0.50 structural_churn=0.00"}
{"ts":"2026-07-02T02:18:51Z","level":"INFO","event":"patch_risk","message":"risk=0.45 level=medium deletion=0.50 centrality=1.00 retry=0.00 api=0.00"}
{"ts":"2026-07-02T02:18:51Z","level":"INFO","event":"patch_confidence","message":"score=0.49 entropy=1.00 deletion_ratio=0.17 structural_churn=0.00"}
{"ts":"2026-07-02T02:18:51Z","level":"INFO","event":"patch_risk","message":"risk=0.38 level=medium deletion=0.17 centrality=1.00 retry=0.00 api=0.00"}
{"ts":"2026-07-02T02:18:55Z","level":"INFO","event":"retry_convergence_alert","task_id":"R1","message":"retry 2 repeated failure \"undefined symbol\""}
{"ts":"2026-07-02T02:18:55Z","level":"INFO","event":"patch_confidence","message":"score=0.31 entropy=1.00 deletion_ratio=0.50 structural_churn=0.35"}
{"ts":"2026-07-02T02:18:55Z","level":"INFO","event":"patch_risk","message":"risk=0.45 level=medium deletion=0.50 centrality=1.00 retry=0.00 api=0.00"}
{"ts":"2026-07-02T02:18:55Z","level":"INFO","event":"patch_confidence","message":"score=0.46 entropy=1.00 deletion_ratio=0.25 structural_churn=0.00"}
{"ts":"2026-07-02T02:18:55Z","level":"INFO","event":"patch_risk","message":"risk=0.40 level=medium deletion=0.25 centrality=1.00 retry=0.00 api=0.00"}
{"ts":"2026-07-02T02:18:55Z","level":"INFO","event":"patch_confidence","message":"score=1.00 entropy=0.00 deletion_ratio=0.00 structural_churn=0.00"}
{"ts":"2026-07-02T02:18:55Z","level":"INFO","event":"patch_risk","message":"risk=0.10 level=low deletion=0.00 centrality=0.30 retry=0.00 api=0.00"}
{"ts":"2026-07-02T02:18:55Z","level":"INFO","event":"patch_confidence","message":"score=0.32 entropy=1.00 deletion_ratio=0.67 structural_churn=0.00"}
{"ts":"2026-07-02T02:18:55Z","level":"INFO","event":"patch_risk","message":"risk=0.48 level=medium deletion=0.67 centrality=1.00 retry=0.00 api=0.00"}
{"ts":"2026-07-02T02:18:55Z","level":"INFO","event":"patch_confidence","message":"score=1.00 entropy=0.00 deletion_ratio=0.00 structural_churn=0.00"}
{"ts":"2026-07-02T02:18:55Z","level":"INFO","event":"patch_risk","message":"risk=0.00 level=low deletion=0.00 centrality=0.00 retry=0.00 api=0.00"}
{"ts":"2026-07-02T02:18:55Z","level":"INFO","event":"patch_confidence","message":"score=0.38 entropy=1.00 deletion_ratio=0.50 structural_churn=0.00"}
{"ts":"2026-07-02T02:18:55Z","level":"INFO","event":"patch_risk","message":"risk=0.45 level=medium deletion=0.50 centrality=1.00 retry=0.00 api=0.00"}
{"ts":"2026-07-02T02:18:55Z","level":"INFO","event":"patch_confidence","message":"score=0.49 entropy=1.00 deletion_ratio=0.17 structural_churn=0.00"}
{"ts":"2026-07-02T02:18:55Z","level":"INFO","event":"patch_risk","message":"risk=0.38 level=medium deletion=0.17 centrality=1.00 retry=0.00 api=0.00"}
{"ts":"2026-07-02T02:51:41Z","level":"INFO","event":"retry_convergence_alert","task_id":"R1","message":"retry 2 repeated failure \"undefined symbol\""}
{"ts":"2026-07-02T02:51:41Z","level":"INFO","event":"patch_confidence","message":"score=0.31 entropy=1.00 deletion_ratio=0.50 structural_churn=0.35"}
{"ts":"2026-07-02T02:51:41Z","level":"INFO","event":"patch_risk","message":"risk=0.45 level=medium deletion=0.50 centrality=1.00 retry=0.00 api=0.00"}
{"ts":"2026-07-02T02:51:41Z","level":"INFO","event":"patch_confidence","message":"score=0.46 entropy=1.00 deletion_ratio=0.25 structural_churn=0.00"}
{"ts":"2026-07-02T02:51:41Z","level":"INFO","event":"patch_risk","message":"risk=0.40 level=medium deletion=0.25 centrality=1.00 retry=0.00 api=0.00"}
{"ts":"2026-07-02T02:51:41Z","level":"INFO","event":"patch_confidence","message":"score=1.00 entropy=0.00 deletion_ratio=0.00 structural_churn=0.00"}
{"ts":"2026-07-02T02:51:41Z","level":"INFO","event":"patch_risk","message":"risk=0.10 level=low deletion=0.00 centrality=0.30 retry=0.00 api=0.00"}
{"ts":"2026-07-02T02:51:41Z","level":"INFO","event":"patch_confidence","message":"score=0.32 entropy=1.00 deletion_ratio=0.67 structural_churn=0.00"}
{"ts":"2026-07-02T02:51:41Z","level":"INFO","event":"patch_risk","message":"risk=0.48 level=medium deletion=0.67 centrality=1.00 retry=0.00 api=0.00"}
{"ts":"2026-07-02T02:51:41Z","level":"INFO","event":"patch_confidence","message":"score=1.00 entropy=0.00 deletion_ratio=0.00 structural_churn=0.00"}
{"ts":"2026-07-02T02:51:41Z","level":"INFO","event":"patch_risk","message":"risk=0.00 level=low deletion=0.00 centrality=0.00 retry=0.00 api=0.00"}
{"ts":"2026-07-02T02:51:41Z","level":"INFO","event":"patch_confidence","message":"score=0.38 entropy=1.00 deletion_ratio=0.50 structural_churn=0.00"}
{"ts":"2026-07-02T02:51:41Z","level":"INFO","event":"patch_risk","message":"risk=0.45 level=medium deletion=0.50 centrality=1.00 retry=0.00 api=0.00"}
{"ts":"2026-07-02T02:51:41Z","level":"INFO","event":"patch_confidence","message":"score=0.49 entropy=1.00 deletion_ratio=0.17 structural_churn=0.00"}
{"ts":"2026-07-02T02:51:41Z","level":"INFO","event":"patch_risk","message":"risk=0.38 level=medium deletion=0.17 centrality=1.00 retry=0.00 api=0.00"}
